[PROGRAM_IO] phase=resolved mode=timing initializations=58 probes=2 checksum=f4607bcf478a51854adaa7182507094a4b2b456bcc10d9c197ea811007f796bf pass=1
===========================================================================
Memory Configuration:

 Memory type:                    HBM2
 Memory size in bytes:           1073741824
 Channels:                       1
 Pseudo channels per channel:    2
 Bank groups per pseudo channel: 4
 Banks per pseudo channel:       16
 Rows per bank:                  32768
 Columns per row:                128
 Pseudo channel width in bits:   64
 Pseudo channel size in bits:    4294967296
 Pseudo channel size in bytes:   536870912

===========================================================================
Memory Configuration:

 Memory type:                    HBM2
 Memory size in bytes:           1073741824
 Channels:                       1
 Pseudo channels per channel:    2
 Bank groups per pseudo channel: 4
 Banks per pseudo channel:       16
 Rows per bank:                  32768
 Columns per row:                128
 Pseudo channel width in bits:   64
 Pseudo channel size in bits:    4294967296
 Pseudo channel size in bytes:   536870912

Loaded Program Format 1.0, ISA 1.0, capabilities=0x0
[INFO][0m[92m[SYSTEM][0m             Address mapping with n=8 saved to ../DRAMSys/configs/addressmapping/am_ddr4_8x4Gbx8_df.json.                   | [36m0 s[0m
[INFO][0m[92m[SYSTEM][0m             Address mapping with n=8 saved to ../DRAMSys/configs/addressmapping/am_hbm2_gpu.json.                          | [36m0 s[0m
===========================================================================
Memory Configuration:

 Memory type:           DDR4
 Memory size in bytes:  4294967296
 Channels:              1
 Ranks per channel:     1
 Bank groups per rank:  4
 Banks per rank:        16
 Rows per bank:         32768
 Columns per row:       1024
 Device width in bits:  8
 Device size in bits:   4294967296
 Device size in bytes:  536870912
 Devices per rank:      8

===========================================================================
===========================================================================
Memory Configuration:

 Memory type:                    HBM2
 Memory size in bytes:           1073741824
 Channels:                       1
 Pseudo channels per channel:    2
 Bank groups per pseudo channel: 4
 Banks per pseudo channel:       16
 Rows per bank:                  32768
 Columns per row:                128
 Pseudo channel width in bits:   64
 Pseudo channel size in bits:    4294967296
 Pseudo channel size in bytes:   536870912

===========================================================================
Memory Configuration:

 Memory type:                    HBM2
 Memory size in bytes:           1073741824
 Channels:                       1
 Pseudo channels per channel:    2
 Bank groups per pseudo channel: 4
 Banks per pseudo channel:       16
 Rows per bank:                  32768
 Columns per row:                128
 Pseudo channel width in bits:   64
 Pseudo channel size in bits:    4294967296
 Pseudo channel size in bytes:   536870912

[INFO][0m[92m[GLOBAL_MEMORY][0m      Global link not initialized.                                                                                   | [36m0 s[0m
[INFO][0m[92m[SYSTEM][0m             Instantiated cores=32 routers=32 workers=32 dies=2 (CORES_PER_DIE=16, GRID=4x4, expect 32).                    | [36m0 s[0m
[INFO][0m[92m[SYSTEM][0m             [D2D] link_sites=2 link_units=2.                                                                               | [36m0 s[0m
[INFO][0m[92m[SYSTEM][0m             Components initialize complete, prepare to start..                                                             | [36m0 s[0m
[PROGRAM_IO] phase=applied mode=timing initializations=58 probes=2 checksum=f4607bcf478a51854adaa7182507094a4b2b456bcc10d9c197ea811007f796bf pass=1

Info: (I702) default timescale unit used for tracing: 1 ps (Cchip_1.vcd)
[INFO][0m[92m[MEM_INTF][0m           Start write operation.                                                                                         | [36m2 ns[0m
[INFO][0m[92m[PRIM][0m               Core 31 start receive primitive RECV_CONF.                                                                     | [36m2 ns[0m
[INFO][0m[92m[PRIM][0m               Core 30 start receive primitive RECV_CONF.                                                                     | [36m2 ns[0m
[INFO][0m[92m[PRIM][0m               Core 29 start receive primitive RECV_CONF.                                                                     | [36m2 ns[0m
[INFO][0m[92m[PRIM][0m               Core 28 start receive primitive RECV_CONF.                                                                     | [36m2 ns[0m
[INFO][0m[92m[PRIM][0m               Core 27 start receive primitive RECV_CONF.                                                                     | [36m2 ns[0m
[INFO][0m[92m[PRIM][0m               Core 26 start receive primitive RECV_CONF.                                                                     | [36m2 ns[0m
[INFO][0m[92m[PRIM][0m               Core 25 start receive primitive RECV_CONF.                                                                     | [36m2 ns[0m
[INFO][0m[92m[PRIM][0m               Core 24 start receive primitive RECV_CONF.                                                                     | [36m2 ns[0m
[INFO][0m[92m[PRIM][0m               Core 23 start receive primitive RECV_CONF.                                                                     | [36m2 ns[0m
[INFO][0m[92m[PRIM][0m               Core 22 start receive primitive RECV_CONF.                                                                     | [36m2 ns[0m
[INFO][0m[92m[PRIM][0m               Core 21 start receive primitive RECV_CONF.                                                                     | [36m2 ns[0m
[INFO][0m[92m[PRIM][0m               Core 20 start receive primitive RECV_CONF.                                                                     | [36m2 ns[0m
[INFO][0m[92m[PRIM][0m               Core 19 start receive primitive RECV_CONF.                                                                     | [36m2 ns[0m
[INFO][0m[92m[PRIM][0m               Core 18 start receive primitive RECV_CONF.                                                                     | [36m2 ns[0m
[INFO][0m[92m[PRIM][0m               Core 17 start receive primitive RECV_CONF.                                                                     | [36m2 ns[0m
[INFO][0m[92m[PRIM][0m               Core 16 start receive primitive RECV_CONF.                                                                     | [36m2 ns[0m
[INFO][0m[92m[PRIM][0m               Core 15 start receive primitive RECV_CONF.                                                                     | [36m2 ns[0m
[INFO][0m[92m[PRIM][0m               Core 14 start receive primitive RECV_CONF.                                                                     | [36m2 ns[0m
[INFO][0m[92m[PRIM][0m               Core 13 start receive primitive RECV_CONF.                                                                     | [36m2 ns[0m
[INFO][0m[92m[PRIM][0m               Core 12 start receive primitive RECV_CONF.                                                                     | [36m2 ns[0m
[INFO][0m[92m[PRIM][0m               Core 11 start receive primitive RECV_CONF.                                                                     | [36m2 ns[0m
[INFO][0m[92m[PRIM][0m               Core 10 start receive primitive RECV_CONF.                                                                     | [36m2 ns[0m
[INFO][0m[92m[PRIM][0m               Core 9 start receive primitive RECV_CONF.                                                                      | [36m2 ns[0m
[INFO][0m[92m[PRIM][0m               Core 8 start receive primitive RECV_CONF.                                                                      | [36m2 ns[0m
[INFO][0m[92m[PRIM][0m               Core 7 start receive primitive RECV_CONF.                                                                      | [36m2 ns[0m
[INFO][0m[92m[PRIM][0m               Core 6 start receive primitive RECV_CONF.                                                                      | [36m2 ns[0m
[INFO][0m[92m[PRIM][0m               Core 5 start receive primitive RECV_CONF.                                                                      | [36m2 ns[0m
[INFO][0m[92m[PRIM][0m               Core 4 start receive primitive RECV_CONF.                                                                      | [36m2 ns[0m
[INFO][0m[92m[PRIM][0m               Core 3 start receive primitive RECV_CONF.                                                                      | [36m2 ns[0m
[INFO][0m[92m[PRIM][0m               Core 2 start receive primitive RECV_CONF.                                                                      | [36m2 ns[0m
[INFO][0m[92m[PRIM][0m               Core 1 start receive primitive RECV_CONF.                                                                      | [36m2 ns[0m
[INFO][0m[92m[PRIM][0m               Core 0 start receive primitive RECV_CONF.                                                                      | [36m2 ns[0m
[INFO][0m[92m[MEM_INTF][0m           End write operation.                                                                                           | [36m936 ns[0m
[INFO][0m[92m[MEM_INTF][0m           End config distribution.                                                                                       | [36m936 ns[0m
[INFO][0m[92m[PRIM][0m               Core 16 end recv primitive RECV_CONF.                                                                          | [36m946 ns[0m
[INFO][0m[92m[PRIM][0m               Core 0 end recv primitive RECV_CONF.                                                                           | [36m946 ns[0m
[INFO][0m[92m[MEM_INTF][0m           Start write operation.                                                                                         | [36m952 ns[0m
[INFO][0m[92m[PRIM][0m               Core 0 start receive primitive RECV_WEIGHT.                                                                    | [36m952 ns[0m
[INFO][0m[92m[PRIM][0m               Core 16 start receive primitive RECV_WEIGHT.                                                                   | [36m952 ns[0m
[INFO][0m[92m[MEM_INTF][0m           End write operation.                                                                                           | [36m954 ns[0m
[INFO][0m[92m[MEM_INTF][0m           End data distribution.                                                                                         | [36m954 ns[0m
[INFO][0m[92m[PRIM][0m               Core 0 end recv primitive RECV_WEIGHT.                                                                         | [36m962 ns[0m
[INFO][0m[92m[PRIM][0m               Core 16 end recv primitive RECV_WEIGHT.                                                                        | [36m962 ns[0m
[INFO][0m[92m[MEM_INTF][0m           Start write operation.                                                                                         | [36m968 ns[0m
[INFO][0m[92m[PRIM][0m               Core 16 start receive primitive RECV_START.                                                                    | [36m968 ns[0m
[INFO][0m[92m[PRIM][0m               Core 0 start receive primitive RECV_START.                                                                     | [36m968 ns[0m
[INFO][0m[92m[MEM_INTF][0m           End write operation.                                                                                           | [36m970 ns[0m
[INFO][0m[92m[PRIM][0m               Core 16 end recv primitive RECV_START.                                                                         | [36m976 ns[0m
[INFO][0m[92m[PRIM][0m               Core 0 end recv primitive RECV_START.                                                                          | [36m976 ns[0m
[INFO][0m[92m[MEM_INTF][0m           End start data distribution: enqueued=2 injected=2 accepted=2 delivered=2 consumed=2 completed=2.              | [36m976 ns[0m
[INFO][0m[92m[PRIM][0m               Core 0 start compute primitive Sram_lifecycle.                                                                 | [36m982 ns[0m
[INFO][0m[92m[PRIM][0m               Core 16 start compute primitive Sram_lifecycle.                                                                | [36m982 ns[0m
[INFO][0m[92m[PRIM][0m               Core 16 end compute primitive Sram_lifecycle.                                                                  | [36m982 ns[0m
[INFO][0m[92m[PRIM][0m               Core 0 end compute primitive Sram_lifecycle.                                                                   | [36m982 ns[0m
[INFO][0m[92m[PRIM][0m               Core 0 start compute primitive Sram_lifecycle.                                                                 | [36m988 ns[0m
[INFO][0m[92m[PRIM][0m               Core 16 start compute primitive Sram_lifecycle.                                                                | [36m988 ns[0m
[INFO][0m[92m[PRIM][0m               Core 16 end compute primitive Sram_lifecycle.                                                                  | [36m988 ns[0m
[INFO][0m[92m[PRIM][0m               Core 0 end compute primitive Sram_lifecycle.                                                                   | [36m988 ns[0m
[INFO][0m[92m[PRIM][0m               Core 0 start compute primitive Sram_bind_oneshot.                                                              | [36m994 ns[0m
[INFO][0m[92m[PRIM][0m               Core 16 start compute primitive Sram_bind_oneshot.                                                             | [36m994 ns[0m
[INFO][0m[92m[PRIM][0m               Core 16 end compute primitive Sram_bind_oneshot.                                                               | [36m994 ns[0m
[INFO][0m[92m[PRIM][0m               Core 0 end compute primitive Sram_bind_oneshot.                                                                | [36m994 ns[0m
[INFO][0m[92m[PRIM][0m               Core 0 start compute primitive rmsnorm_forward.                                                                | [36m1 us[0m
[INFO][0m[92m[PRIM][0m               Core 16 start compute primitive rmsnorm_forward.                                                               | [36m1 us[0m
[INFO][0m[92m[PRIM][0m               Core 16 end compute primitive rmsnorm_forward.                                                                 | [36m1 us[0m
[INFO][0m[92m[PRIM][0m               Core 0 end compute primitive rmsnorm_forward.                                                                  | [36m1 us[0m
[INFO][0m[92m[PRIM][0m               Core 0 start compute primitive Sram_lifecycle.                                                                 | [36m1006 ns[0m
[INFO][0m[92m[PRIM][0m               Core 16 start compute primitive Sram_lifecycle.                                                                | [36m1006 ns[0m
[INFO][0m[92m[PRIM][0m               Core 16 end compute primitive Sram_lifecycle.                                                                  | [36m1006 ns[0m
[INFO][0m[92m[PRIM][0m               Core 0 end compute primitive Sram_lifecycle.                                                                   | [36m1006 ns[0m
[INFO][0m[92m[PRIM][0m               Core 0 start compute primitive Sram_lifecycle.                                                                 | [36m1038 ns[0m
[INFO][0m[92m[PRIM][0m               Core 0 end compute primitive Sram_lifecycle.                                                                   | [36m1038 ns[0m
[INFO][0m[92m[PRIM][0m               Core 16 start compute primitive Sram_lifecycle.                                                                | [36m1286 ns[0m
[INFO][0m[92m[PRIM][0m               Core 16 end compute primitive Sram_lifecycle.                                                                  | [36m1286 ns[0m
[INFO][0m[92m[PRIM][0m               Core 0 start compute primitive Sram_lifecycle.                                                                 | [36m1514 ns[0m
[INFO][0m[92m[PRIM][0m               Core 0 end compute primitive Sram_lifecycle.                                                                   | [36m1514 ns[0m
[INFO][0m[92m[PRIM][0m               Core 0 start compute primitive Sram_lifecycle.                                                                 | [36m1520 ns[0m
[INFO][0m[92m[PRIM][0m               Core 0 end compute primitive Sram_lifecycle.                                                                   | [36m1520 ns[0m
[INFO][0m[92m[PRIM][0m               Core 0 start compute primitive Sram_bind_oneshot.                                                              | [36m1526 ns[0m
[INFO][0m[92m[PRIM][0m               Core 0 end compute primitive Sram_bind_oneshot.                                                                | [36m1526 ns[0m
[INFO][0m[92m[PRIM][0m               Core 0 start compute primitive Matmul_f.                                                                       | [36m1532 ns[0m
[INFO][0m[92m[PRIM][0m               Core 0 end compute primitive Matmul_f.                                                                         | [36m1532 ns[0m
[INFO][0m[92m[PRIM][0m               Core 0 start compute primitive Sram_lifecycle.                                                                 | [36m1538 ns[0m
[INFO][0m[92m[PRIM][0m               Core 0 end compute primitive Sram_lifecycle.                                                                   | [36m1538 ns[0m
[INFO][0m[92m[PRIM][0m               Core 0 start compute primitive Sram_lifecycle.                                                                 | [36m1544 ns[0m
[INFO][0m[92m[PRIM][0m               Core 0 end compute primitive Sram_lifecycle.                                                                   | [36m1544 ns[0m
[INFO][0m[92m[PRIM][0m               Core 0 start compute primitive Sram_lifecycle.                                                                 | [36m1550 ns[0m
[INFO][0m[92m[PRIM][0m               Core 0 end compute primitive Sram_lifecycle.                                                                   | [36m1550 ns[0m
[INFO][0m[92m[PRIM][0m               Core 0 start compute primitive Sram_bind_oneshot.                                                              | [36m1556 ns[0m
[INFO][0m[92m[PRIM][0m               Core 16 start compute primitive Sram_lifecycle.                                                                | [36m1556 ns[0m
[INFO][0m[92m[PRIM][0m               Core 16 end compute primitive Sram_lifecycle.                                                                  | [36m1556 ns[0m
[INFO][0m[92m[PRIM][0m               Core 0 end compute primitive Sram_bind_oneshot.                                                                | [36m1556 ns[0m
[INFO][0m[92m[PRIM][0m               Core 0 start compute primitive Attention_f.                                                                    | [36m1562 ns[0m
[INFO][0m[92m[PRIM][0m               Core 16 start compute primitive Sram_lifecycle.                                                                | [36m1562 ns[0m
[INFO][0m[92m[PRIM][0m               Core 16 end compute primitive Sram_lifecycle.                                                                  | [36m1562 ns[0m
[INFO][0m[92m[PRIM][0m               Core 0 end compute primitive Attention_f.                                                                      | [36m1562 ns[0m
[INFO][0m[92m[PRIM][0m               Core 0 start compute primitive Sram_lifecycle.                                                                 | [36m1568 ns[0m
[INFO][0m[92m[PRIM][0m               Core 16 start compute primitive Sram_bind_oneshot.                                                             | [36m1568 ns[0m
[INFO][0m[92m[PRIM][0m               Core 16 end compute primitive Sram_bind_oneshot.                                                               | [36m1568 ns[0m
[INFO][0m[92m[PRIM][0m               Core 0 end compute primitive Sram_lifecycle.                                                                   | [36m1568 ns[0m
[INFO][0m[92m[PRIM][0m               Core 0 start compute primitive Sram_lifecycle.                                                                 | [36m1574 ns[0m
[INFO][0m[92m[PRIM][0m               Core 16 start compute primitive Matmul_f.                                                                      | [36m1574 ns[0m
[INFO][0m[92m[PRIM][0m               Core 16 end compute primitive Matmul_f.                                                                        | [36m1574 ns[0m
[INFO][0m[92m[PRIM][0m               Core 0 end compute primitive Sram_lifecycle.                                                                   | [36m1574 ns[0m
[INFO][0m[92m[PRIM][0m               Core 0 start compute primitive Sram_lifecycle.                                                                 | [36m1580 ns[0m
[INFO][0m[92m[PRIM][0m               Core 16 start compute primitive Sram_lifecycle.                                                                | [36m1580 ns[0m
[INFO][0m[92m[PRIM][0m               Core 16 end compute primitive Sram_lifecycle.                                                                  | [36m1580 ns[0m
[INFO][0m[92m[PRIM][0m               Core 0 end compute primitive Sram_lifecycle.                                                                   | [36m1580 ns[0m
[INFO][0m[92m[PRIM][0m               Core 0 start compute primitive Sram_lifecycle.                                                                 | [36m1586 ns[0m
[INFO][0m[92m[PRIM][0m               Core 16 start compute primitive Sram_lifecycle.                                                                | [36m1586 ns[0m
[INFO][0m[92m[PRIM][0m               Core 16 end compute primitive Sram_lifecycle.                                                                  | [36m1586 ns[0m
[INFO][0m[92m[PRIM][0m               Core 0 end compute primitive Sram_lifecycle.                                                                   | [36m1586 ns[0m
[INFO][0m[92m[PRIM][0m               Core 0 start compute primitive Sram_lifecycle.                                                                 | [36m1592 ns[0m
[INFO][0m[92m[PRIM][0m               Core 16 start compute primitive Sram_lifecycle.                                                                | [36m1592 ns[0m
[INFO][0m[92m[PRIM][0m               Core 16 end compute primitive Sram_lifecycle.                                                                  | [36m1592 ns[0m
[INFO][0m[92m[PRIM][0m               Core 0 end compute primitive Sram_lifecycle.                                                                   | [36m1592 ns[0m
[INFO][0m[92m[PRIM][0m               Core 0 start compute primitive Sram_bind_oneshot.                                                              | [36m1598 ns[0m
[INFO][0m[92m[PRIM][0m               Core 16 start compute primitive Sram_bind_oneshot.                                                             | [36m1598 ns[0m
[INFO][0m[92m[PRIM][0m               Core 16 end compute primitive Sram_bind_oneshot.                                                               | [36m1598 ns[0m
[INFO][0m[92m[PRIM][0m               Core 0 end compute primitive Sram_bind_oneshot.                                                                | [36m1598 ns[0m
[INFO][0m[92m[PRIM][0m               Core 0 start compute primitive Matmul_f.                                                                       | [36m1604 ns[0m
[INFO][0m[92m[PRIM][0m               Core 16 start compute primitive Attention_f.                                                                   | [36m1604 ns[0m
[INFO][0m[92m[PRIM][0m               Core 16 end compute primitive Attention_f.                                                                     | [36m1604 ns[0m
[INFO][0m[92m[PRIM][0m               Core 0 end compute primitive Matmul_f.                                                                         | [36m1604 ns[0m
[INFO][0m[92m[PRIM][0m               Core 0 start compute primitive Sram_lifecycle.                                                                 | [36m1610 ns[0m
[INFO][0m[92m[PRIM][0m               Core 16 start compute primitive Sram_lifecycle.                                                                | [36m1610 ns[0m
[INFO][0m[92m[PRIM][0m               Core 16 end compute primitive Sram_lifecycle.                                                                  | [36m1610 ns[0m
[INFO][0m[92m[PRIM][0m               Core 0 end compute primitive Sram_lifecycle.                                                                   | [36m1610 ns[0m
[INFO][0m[92m[PRIM][0m               Core 0 start compute primitive Sram_lifecycle.                                                                 | [36m1616 ns[0m
[INFO][0m[92m[PRIM][0m               Core 16 start compute primitive Sram_lifecycle.                                                                | [36m1616 ns[0m
[INFO][0m[92m[PRIM][0m               Core 16 end compute primitive Sram_lifecycle.                                                                  | [36m1616 ns[0m
[INFO][0m[92m[PRIM][0m               Core 0 end compute primitive Sram_lifecycle.                                                                   | [36m1616 ns[0m
[INFO][0m[92m[PRIM][0m               Core 0 start compute primitive Sram_lifecycle.                                                                 | [36m1622 ns[0m
[INFO][0m[92m[PRIM][0m               Core 16 start compute primitive Sram_lifecycle.                                                                | [36m1622 ns[0m
[INFO][0m[92m[PRIM][0m               Core 16 end compute primitive Sram_lifecycle.                                                                  | [36m1622 ns[0m
[INFO][0m[92m[PRIM][0m               Core 0 end compute primitive Sram_lifecycle.                                                                   | [36m1622 ns[0m
[INFO][0m[92m[PRIM][0m               Core 16 start compute primitive Sram_lifecycle.                                                                | [36m1628 ns[0m
[INFO][0m[92m[PRIM][0m               Core 16 end compute primitive Sram_lifecycle.                                                                  | [36m1628 ns[0m
[INFO][0m[92m[PRIM][0m               Core 16 start compute primitive Sram_lifecycle.                                                                | [36m1634 ns[0m
[INFO][0m[92m[PRIM][0m               Core 16 end compute primitive Sram_lifecycle.                                                                  | [36m1634 ns[0m
[INFO][0m[92m[PRIM][0m               Core 16 start compute primitive Sram_bind_oneshot.                                                             | [36m1640 ns[0m
[INFO][0m[92m[PRIM][0m               Core 16 end compute primitive Sram_bind_oneshot.                                                               | [36m1640 ns[0m
[INFO][0m[92m[PRIM][0m               Core 16 start compute primitive Matmul_f.                                                                      | [36m1646 ns[0m
[INFO][0m[92m[PRIM][0m               Core 16 end compute primitive Matmul_f.                                                                        | [36m1646 ns[0m
[INFO][0m[92m[PRIM][0m               Core 16 start compute primitive Sram_lifecycle.                                                                | [36m1652 ns[0m
[INFO][0m[92m[PRIM][0m               Core 16 end compute primitive Sram_lifecycle.                                                                  | [36m1652 ns[0m
[INFO][0m[92m[PRIM][0m               Core 16 start compute primitive Sram_lifecycle.                                                                | [36m1658 ns[0m
[INFO][0m[92m[PRIM][0m               Core 16 end compute primitive Sram_lifecycle.                                                                  | [36m1658 ns[0m
[INFO][0m[92m[PRIM][0m               Core 16 start compute primitive Sram_lifecycle.                                                                | [36m1796 ns[0m
[INFO][0m[92m[PRIM][0m               Core 16 end compute primitive Sram_lifecycle.                                                                  | [36m1796 ns[0m
[INFO][0m[92m[PRIM][0m               Core 16 start compute primitive Sram_lifecycle.                                                                | [36m1802 ns[0m
[INFO][0m[92m[PRIM][0m               Core 16 end compute primitive Sram_lifecycle.                                                                  | [36m1802 ns[0m
[INFO][0m[92m[PRIM][0m               Core 16 start compute primitive Sram_lifecycle.                                                                | [36m1808 ns[0m
[INFO][0m[92m[PRIM][0m               Core 16 end compute primitive Sram_lifecycle.                                                                  | [36m1808 ns[0m
[INFO][0m[92m[PRIM][0m               Core 16 start compute primitive Sram_lifecycle.                                                                | [36m1814 ns[0m
[INFO][0m[92m[PRIM][0m               Core 16 end compute primitive Sram_lifecycle.                                                                  | [36m1814 ns[0m
[INFO][0m[92m[PRIM][0m               Core 16 start compute primitive Sram_bind_oneshot.                                                             | [36m1820 ns[0m
[INFO][0m[92m[PRIM][0m               Core 16 end compute primitive Sram_bind_oneshot.                                                               | [36m1820 ns[0m
[INFO][0m[92m[PRIM][0m               Core 16 start compute primitive Matmul_f.                                                                      | [36m1826 ns[0m
[INFO][0m[92m[PRIM][0m               Core 16 end compute primitive Matmul_f.                                                                        | [36m1826 ns[0m
[INFO][0m[92m[PRIM][0m               Core 16 start compute primitive Sram_lifecycle.                                                                | [36m1832 ns[0m
[INFO][0m[92m[PRIM][0m               Core 16 end compute primitive Sram_lifecycle.                                                                  | [36m1832 ns[0m
[INFO][0m[92m[PRIM][0m               Core 16 start compute primitive Sram_lifecycle.                                                                | [36m1838 ns[0m
[INFO][0m[92m[PRIM][0m               Core 16 end compute primitive Sram_lifecycle.                                                                  | [36m1838 ns[0m
[INFO][0m[92m[PRIM][0m               Core 16 start compute primitive Sram_lifecycle.                                                                | [36m1844 ns[0m
[INFO][0m[92m[PRIM][0m               Core 16 end compute primitive Sram_lifecycle.                                                                  | [36m1844 ns[0m
[INFO][0m[92m[PRIM][0m               Core 0 start compute primitive Sram_lifecycle.                                                                 | [36m1880 ns[0m
[INFO][0m[92m[PRIM][0m               Core 0 end compute primitive Sram_lifecycle.                                                                   | [36m1880 ns[0m
[INFO][0m[92m[PRIM][0m               Core 0 start compute primitive Collective_data_v1_prim.                                                        | [36m1886 ns[0m
[INFO][0m[92m[PRIM][0m               Core 0 end compute primitive Collective_data_v1_prim.                                                          | [36m1920 ns[0m
[INFO][0m[92m[PRIM][0m               Core 0 start compute primitive Sram_lifecycle.                                                                 | [36m1926 ns[0m
[INFO][0m[92m[PRIM][0m               Core 0 end compute primitive Sram_lifecycle.                                                                   | [36m1926 ns[0m
[INFO][0m[92m[PRIM][0m               Core 0 start compute primitive Sram_lifecycle.                                                                 | [36m1932 ns[0m
[INFO][0m[92m[PRIM][0m               Core 0 end compute primitive Sram_lifecycle.                                                                   | [36m1932 ns[0m
[INFO][0m[92m[PRIM][0m               Core 0 start compute primitive Sram_lifecycle.                                                                 | [36m1938 ns[0m
[INFO][0m[92m[PRIM][0m               Core 0 end compute primitive Sram_lifecycle.                                                                   | [36m1938 ns[0m
[INFO][0m[92m[PRIM][0m               Core 0 start compute primitive Sram_lifecycle.                                                                 | [36m1944 ns[0m
[INFO][0m[92m[PRIM][0m               Core 0 end compute primitive Sram_lifecycle.                                                                   | [36m1944 ns[0m
[INFO][0m[92m[PRIM][0m               Core 0 start compute primitive Sram_lifecycle.                                                                 | [36m1950 ns[0m
[INFO][0m[92m[PRIM][0m               Core 0 end compute primitive Sram_lifecycle.                                                                   | [36m1950 ns[0m
[INFO][0m[92m[PRIM][0m               Core 0 start compute primitive Sram_bind_oneshot.                                                              | [36m1956 ns[0m
[INFO][0m[92m[PRIM][0m               Core 0 end compute primitive Sram_bind_oneshot.                                                                | [36m1956 ns[0m
[INFO][0m[92m[PRIM][0m               Core 0 start compute primitive Matmul_f.                                                                       | [36m1962 ns[0m
[INFO][0m[92m[PRIM][0m               Core 0 end compute primitive Matmul_f.                                                                         | [36m1962 ns[0m
[INFO][0m[92m[PRIM][0m               Core 0 start compute primitive Sram_lifecycle.                                                                 | [36m1968 ns[0m
[INFO][0m[92m[PRIM][0m               Core 0 end compute primitive Sram_lifecycle.                                                                   | [36m1968 ns[0m
[INFO][0m[92m[PRIM][0m               Core 0 start compute primitive Sram_lifecycle.                                                                 | [36m1974 ns[0m
[INFO][0m[92m[PRIM][0m               Core 0 end compute primitive Sram_lifecycle.                                                                   | [36m1974 ns[0m
[INFO][0m[92m[PRIM][0m               Core 0 start compute primitive Sram_lifecycle.                                                                 | [36m2112 ns[0m
[INFO][0m[92m[PRIM][0m               Core 0 end compute primitive Sram_lifecycle.                                                                   | [36m2112 ns[0m
[INFO][0m[92m[PRIM][0m               Core 0 start compute primitive Sram_lifecycle.                                                                 | [36m2118 ns[0m
[INFO][0m[92m[PRIM][0m               Core 0 end compute primitive Sram_lifecycle.                                                                   | [36m2118 ns[0m
[INFO][0m[92m[PRIM][0m               Core 0 start compute primitive Sram_bind_oneshot.                                                              | [36m2124 ns[0m
[INFO][0m[92m[PRIM][0m               Core 0 end compute primitive Sram_bind_oneshot.                                                                | [36m2124 ns[0m
[INFO][0m[92m[PRIM][0m               Core 0 start compute primitive Residual_f.                                                                     | [36m2130 ns[0m
[INFO][0m[92m[PRIM][0m               Core 0 end compute primitive Residual_f.                                                                       | [36m2130 ns[0m
[INFO][0m[92m[PRIM][0m               Core 0 start compute primitive Sram_lifecycle.                                                                 | [36m2136 ns[0m
[INFO][0m[92m[PRIM][0m               Core 0 end compute primitive Sram_lifecycle.                                                                   | [36m2136 ns[0m
[INFO][0m[92m[PRIM][0m               Core 0 start compute primitive Sram_lifecycle.                                                                 | [36m2142 ns[0m
[INFO][0m[92m[PRIM][0m               Core 0 end compute primitive Sram_lifecycle.                                                                   | [36m2142 ns[0m
[INFO][0m[92m[PRIM][0m               Core 0 start compute primitive Sram_lifecycle.                                                                 | [36m2148 ns[0m
[INFO][0m[92m[PRIM][0m               Core 0 end compute primitive Sram_lifecycle.                                                                   | [36m2148 ns[0m
[INFO][0m[92m[PRIM][0m               Core 0 start compute primitive Sram_bind_oneshot.                                                              | [36m2154 ns[0m
[INFO][0m[92m[PRIM][0m               Core 0 end compute primitive Sram_bind_oneshot.                                                                | [36m2154 ns[0m
[INFO][0m[92m[PRIM][0m               Core 0 start compute primitive rmsnorm_forward.                                                                | [36m2160 ns[0m
[INFO][0m[92m[PRIM][0m               Core 0 end compute primitive rmsnorm_forward.                                                                  | [36m2160 ns[0m
[INFO][0m[92m[PRIM][0m               Core 0 start compute primitive Sram_lifecycle.                                                                 | [36m2166 ns[0m
[INFO][0m[92m[PRIM][0m               Core 0 end compute primitive Sram_lifecycle.                                                                   | [36m2166 ns[0m
[INFO][0m[92m[PRIM][0m               Core 16 start compute primitive Sram_lifecycle.                                                                | [36m2196 ns[0m
[INFO][0m[92m[PRIM][0m               Core 16 end compute primitive Sram_lifecycle.                                                                  | [36m2196 ns[0m
[INFO][0m[92m[PRIM][0m               Core 0 start compute primitive Sram_lifecycle.                                                                 | [36m2198 ns[0m
[INFO][0m[92m[PRIM][0m               Core 0 end compute primitive Sram_lifecycle.                                                                   | [36m2198 ns[0m
[INFO][0m[92m[PRIM][0m               Core 16 start compute primitive Collective_data_v1_prim.                                                       | [36m2202 ns[0m
[INFO][0m[92m[PRIM][0m               Core 16 end compute primitive Collective_data_v1_prim.                                                         | [36m2236 ns[0m
[INFO][0m[92m[PRIM][0m               Core 16 start compute primitive Sram_lifecycle.                                                                | [36m2242 ns[0m
[INFO][0m[92m[PRIM][0m               Core 16 end compute primitive Sram_lifecycle.                                                                  | [36m2242 ns[0m
[INFO][0m[92m[PRIM][0m               Core 16 start compute primitive Sram_lifecycle.                                                                | [36m2248 ns[0m
[INFO][0m[92m[PRIM][0m               Core 16 end compute primitive Sram_lifecycle.                                                                  | [36m2248 ns[0m
[INFO][0m[92m[PRIM][0m               Core 16 start compute primitive Sram_lifecycle.                                                                | [36m2254 ns[0m
[INFO][0m[92m[PRIM][0m               Core 16 end compute primitive Sram_lifecycle.                                                                  | [36m2254 ns[0m
[INFO][0m[92m[PRIM][0m               Core 16 start compute primitive Sram_bind_oneshot.                                                             | [36m2260 ns[0m
[INFO][0m[92m[PRIM][0m               Core 16 end compute primitive Sram_bind_oneshot.                                                               | [36m2260 ns[0m
[INFO][0m[92m[PRIM][0m               Core 16 start compute primitive Residual_f.                                                                    | [36m2266 ns[0m
[INFO][0m[92m[PRIM][0m               Core 16 end compute primitive Residual_f.                                                                      | [36m2266 ns[0m
[INFO][0m[92m[PRIM][0m               Core 16 start compute primitive Sram_lifecycle.                                                                | [36m2272 ns[0m
[INFO][0m[92m[PRIM][0m               Core 16 end compute primitive Sram_lifecycle.                                                                  | [36m2272 ns[0m
[INFO][0m[92m[PRIM][0m               Core 16 start compute primitive Sram_lifecycle.                                                                | [36m2278 ns[0m
[INFO][0m[92m[PRIM][0m               Core 16 end compute primitive Sram_lifecycle.                                                                  | [36m2278 ns[0m
[INFO][0m[92m[PRIM][0m               Core 16 start compute primitive Sram_lifecycle.                                                                | [36m2284 ns[0m
[INFO][0m[92m[PRIM][0m               Core 16 end compute primitive Sram_lifecycle.                                                                  | [36m2284 ns[0m
[INFO][0m[92m[PRIM][0m               Core 16 start compute primitive Sram_bind_oneshot.                                                             | [36m2290 ns[0m
[INFO][0m[92m[PRIM][0m               Core 16 end compute primitive Sram_bind_oneshot.                                                               | [36m2290 ns[0m
[INFO][0m[92m[PRIM][0m               Core 16 start compute primitive rmsnorm_forward.                                                               | [36m2296 ns[0m
[INFO][0m[92m[PRIM][0m               Core 16 end compute primitive rmsnorm_forward.                                                                 | [36m2296 ns[0m
[INFO][0m[92m[PRIM][0m               Core 16 start compute primitive Sram_lifecycle.                                                                | [36m2302 ns[0m
[INFO][0m[92m[PRIM][0m               Core 16 end compute primitive Sram_lifecycle.                                                                  | [36m2302 ns[0m
[INFO][0m[92m[PRIM][0m               Core 16 start compute primitive Sram_lifecycle.                                                                | [36m2446 ns[0m
[INFO][0m[92m[PRIM][0m               Core 16 end compute primitive Sram_lifecycle.                                                                  | [36m2446 ns[0m
[INFO][0m[92m[PRIM][0m               Core 0 start compute primitive Sram_lifecycle.                                                                 | [36m2674 ns[0m
[INFO][0m[92m[PRIM][0m               Core 0 end compute primitive Sram_lifecycle.                                                                   | [36m2674 ns[0m
[INFO][0m[92m[PRIM][0m               Core 0 start compute primitive Sram_lifecycle.                                                                 | [36m2680 ns[0m
[INFO][0m[92m[PRIM][0m               Core 0 end compute primitive Sram_lifecycle.                                                                   | [36m2680 ns[0m
[INFO][0m[92m[PRIM][0m               Core 0 start compute primitive Sram_bind_oneshot.                                                              | [36m2686 ns[0m
[INFO][0m[92m[PRIM][0m               Core 0 end compute primitive Sram_bind_oneshot.                                                                | [36m2686 ns[0m
[INFO][0m[92m[PRIM][0m               Core 0 start compute primitive Matmul_f.                                                                       | [36m2692 ns[0m
[INFO][0m[92m[PRIM][0m               Core 0 end compute primitive Matmul_f.                                                                         | [36m2692 ns[0m
[INFO][0m[92m[PRIM][0m               Core 0 start compute primitive Sram_lifecycle.                                                                 | [36m2698 ns[0m
[INFO][0m[92m[PRIM][0m               Core 0 end compute primitive Sram_lifecycle.                                                                   | [36m2698 ns[0m
[INFO][0m[92m[PRIM][0m               Core 0 start compute primitive Sram_lifecycle.                                                                 | [36m2704 ns[0m
[INFO][0m[92m[PRIM][0m               Core 0 end compute primitive Sram_lifecycle.                                                                   | [36m2704 ns[0m
[INFO][0m[92m[PRIM][0m               Core 0 start compute primitive Sram_lifecycle.                                                                 | [36m2710 ns[0m
[INFO][0m[92m[PRIM][0m               Core 0 end compute primitive Sram_lifecycle.                                                                   | [36m2710 ns[0m
[INFO][0m[92m[PRIM][0m               Core 0 start compute primitive Sram_bind_oneshot.                                                              | [36m2716 ns[0m
[INFO][0m[92m[PRIM][0m               Core 16 start compute primitive Sram_lifecycle.                                                                | [36m2716 ns[0m
[INFO][0m[92m[PRIM][0m               Core 16 end compute primitive Sram_lifecycle.                                                                  | [36m2716 ns[0m
[INFO][0m[92m[PRIM][0m               Core 0 end compute primitive Sram_bind_oneshot.                                                                | [36m2716 ns[0m
[INFO][0m[92m[PRIM][0m               Core 0 start compute primitive swiglu_forward.                                                                 | [36m2722 ns[0m
[INFO][0m[92m[PRIM][0m               Core 16 start compute primitive Sram_lifecycle.                                                                | [36m2722 ns[0m
[INFO][0m[92m[PRIM][0m               Core 16 end compute primitive Sram_lifecycle.                                                                  | [36m2722 ns[0m
[INFO][0m[92m[PRIM][0m               Core 0 end compute primitive swiglu_forward.                                                                   | [36m2722 ns[0m
[INFO][0m[92m[PRIM][0m               Core 0 start compute primitive Sram_lifecycle.                                                                 | [36m2728 ns[0m
[INFO][0m[92m[PRIM][0m               Core 16 start compute primitive Sram_bind_oneshot.                                                             | [36m2728 ns[0m
[INFO][0m[92m[PRIM][0m               Core 16 end compute primitive Sram_bind_oneshot.                                                               | [36m2728 ns[0m
[INFO][0m[92m[PRIM][0m               Core 0 end compute primitive Sram_lifecycle.                                                                   | [36m2728 ns[0m
[INFO][0m[92m[PRIM][0m               Core 0 start compute primitive Sram_lifecycle.                                                                 | [36m2734 ns[0m
[INFO][0m[92m[PRIM][0m               Core 16 start compute primitive Matmul_f.                                                                      | [36m2734 ns[0m
[INFO][0m[92m[PRIM][0m               Core 16 end compute primitive Matmul_f.                                                                        | [36m2734 ns[0m
[INFO][0m[92m[PRIM][0m               Core 0 end compute primitive Sram_lifecycle.                                                                   | [36m2734 ns[0m
[INFO][0m[92m[PRIM][0m               Core 0 start compute primitive Sram_lifecycle.                                                                 | [36m2740 ns[0m
[INFO][0m[92m[PRIM][0m               Core 16 start compute primitive Sram_lifecycle.                                                                | [36m2740 ns[0m
[INFO][0m[92m[PRIM][0m               Core 16 end compute primitive Sram_lifecycle.                                                                  | [36m2740 ns[0m
[INFO][0m[92m[PRIM][0m               Core 0 end compute primitive Sram_lifecycle.                                                                   | [36m2740 ns[0m
[INFO][0m[92m[PRIM][0m               Core 0 start compute primitive Sram_lifecycle.                                                                 | [36m2746 ns[0m
[INFO][0m[92m[PRIM][0m               Core 16 start compute primitive Sram_lifecycle.                                                                | [36m2746 ns[0m
[INFO][0m[92m[PRIM][0m               Core 16 end compute primitive Sram_lifecycle.                                                                  | [36m2746 ns[0m
[INFO][0m[92m[PRIM][0m               Core 0 end compute primitive Sram_lifecycle.                                                                   | [36m2746 ns[0m
[INFO][0m[92m[PRIM][0m               Core 0 start compute primitive Sram_lifecycle.                                                                 | [36m2752 ns[0m
[INFO][0m[92m[PRIM][0m               Core 16 start compute primitive Sram_lifecycle.                                                                | [36m2752 ns[0m
[INFO][0m[92m[PRIM][0m               Core 16 end compute primitive Sram_lifecycle.                                                                  | [36m2752 ns[0m
[INFO][0m[92m[PRIM][0m               Core 0 end compute primitive Sram_lifecycle.                                                                   | [36m2752 ns[0m
[INFO][0m[92m[PRIM][0m               Core 0 start compute primitive Sram_bind_oneshot.                                                              | [36m2758 ns[0m
[INFO][0m[92m[PRIM][0m               Core 16 start compute primitive Sram_bind_oneshot.                                                             | [36m2758 ns[0m
[INFO][0m[92m[PRIM][0m               Core 16 end compute primitive Sram_bind_oneshot.                                                               | [36m2758 ns[0m
[INFO][0m[92m[PRIM][0m               Core 0 end compute primitive Sram_bind_oneshot.                                                                | [36m2758 ns[0m
[INFO][0m[92m[PRIM][0m               Core 0 start compute primitive Matmul_f.                                                                       | [36m2764 ns[0m
[INFO][0m[92m[PRIM][0m               Core 16 start compute primitive swiglu_forward.                                                                | [36m2764 ns[0m
[INFO][0m[92m[PRIM][0m               Core 16 end compute primitive swiglu_forward.                                                                  | [36m2764 ns[0m
[INFO][0m[92m[PRIM][0m               Core 0 end compute primitive Matmul_f.                                                                         | [36m2764 ns[0m
[INFO][0m[92m[PRIM][0m               Core 0 start compute primitive Sram_lifecycle.                                                                 | [36m2770 ns[0m
[INFO][0m[92m[PRIM][0m               Core 16 start compute primitive Sram_lifecycle.                                                                | [36m2770 ns[0m
[INFO][0m[92m[PRIM][0m               Core 16 end compute primitive Sram_lifecycle.                                                                  | [36m2770 ns[0m
[INFO][0m[92m[PRIM][0m               Core 0 end compute primitive Sram_lifecycle.                                                                   | [36m2770 ns[0m
[INFO][0m[92m[PRIM][0m               Core 0 start compute primitive Sram_lifecycle.                                                                 | [36m2776 ns[0m
[INFO][0m[92m[PRIM][0m               Core 16 start compute primitive Sram_lifecycle.                                                                | [36m2776 ns[0m
[INFO][0m[92m[PRIM][0m               Core 16 end compute primitive Sram_lifecycle.                                                                  | [36m2776 ns[0m
[INFO][0m[92m[PRIM][0m               Core 0 end compute primitive Sram_lifecycle.                                                                   | [36m2776 ns[0m
[INFO][0m[92m[PRIM][0m               Core 0 start compute primitive Sram_lifecycle.                                                                 | [36m2782 ns[0m
[INFO][0m[92m[PRIM][0m               Core 16 start compute primitive Sram_lifecycle.                                                                | [36m2782 ns[0m
[INFO][0m[92m[PRIM][0m               Core 16 end compute primitive Sram_lifecycle.                                                                  | [36m2782 ns[0m
[INFO][0m[92m[PRIM][0m               Core 0 end compute primitive Sram_lifecycle.                                                                   | [36m2782 ns[0m
[INFO][0m[92m[PRIM][0m               Core 16 start compute primitive Sram_lifecycle.                                                                | [36m2788 ns[0m
[INFO][0m[92m[PRIM][0m               Core 16 end compute primitive Sram_lifecycle.                                                                  | [36m2788 ns[0m
[INFO][0m[92m[PRIM][0m               Core 16 start compute primitive Sram_lifecycle.                                                                | [36m2794 ns[0m
[INFO][0m[92m[PRIM][0m               Core 16 end compute primitive Sram_lifecycle.                                                                  | [36m2794 ns[0m
[INFO][0m[92m[PRIM][0m               Core 16 start compute primitive Sram_bind_oneshot.                                                             | [36m2800 ns[0m
[INFO][0m[92m[PRIM][0m               Core 16 end compute primitive Sram_bind_oneshot.                                                               | [36m2800 ns[0m
[INFO][0m[92m[PRIM][0m               Core 16 start compute primitive Matmul_f.                                                                      | [36m2806 ns[0m
[INFO][0m[92m[PRIM][0m               Core 16 end compute primitive Matmul_f.                                                                        | [36m2806 ns[0m
[INFO][0m[92m[PRIM][0m               Core 16 start compute primitive Sram_lifecycle.                                                                | [36m2812 ns[0m
[INFO][0m[92m[PRIM][0m               Core 16 end compute primitive Sram_lifecycle.                                                                  | [36m2812 ns[0m
[INFO][0m[92m[PRIM][0m               Core 16 start compute primitive Sram_lifecycle.                                                                | [36m2818 ns[0m
[INFO][0m[92m[PRIM][0m               Core 16 end compute primitive Sram_lifecycle.                                                                  | [36m2818 ns[0m
[INFO][0m[92m[PRIM][0m               Core 16 start compute primitive Sram_lifecycle.                                                                | [36m2956 ns[0m
[INFO][0m[92m[PRIM][0m               Core 16 end compute primitive Sram_lifecycle.                                                                  | [36m2956 ns[0m
[INFO][0m[92m[PRIM][0m               Core 16 start compute primitive Sram_lifecycle.                                                                | [36m2962 ns[0m
[INFO][0m[92m[PRIM][0m               Core 16 end compute primitive Sram_lifecycle.                                                                  | [36m2962 ns[0m
[INFO][0m[92m[PRIM][0m               Core 16 start compute primitive Sram_lifecycle.                                                                | [36m2968 ns[0m
[INFO][0m[92m[PRIM][0m               Core 16 end compute primitive Sram_lifecycle.                                                                  | [36m2968 ns[0m
[INFO][0m[92m[PRIM][0m               Core 16 start compute primitive Sram_lifecycle.                                                                | [36m2974 ns[0m
[INFO][0m[92m[PRIM][0m               Core 16 end compute primitive Sram_lifecycle.                                                                  | [36m2974 ns[0m
[INFO][0m[92m[PRIM][0m               Core 16 start compute primitive Sram_bind_oneshot.                                                             | [36m2980 ns[0m
[INFO][0m[92m[PRIM][0m               Core 16 end compute primitive Sram_bind_oneshot.                                                               | [36m2980 ns[0m
[INFO][0m[92m[PRIM][0m               Core 16 start compute primitive Matmul_f.                                                                      | [36m2986 ns[0m
[INFO][0m[92m[PRIM][0m               Core 16 end compute primitive Matmul_f.                                                                        | [36m2986 ns[0m
[INFO][0m[92m[PRIM][0m               Core 16 start compute primitive Sram_lifecycle.                                                                | [36m2992 ns[0m
[INFO][0m[92m[PRIM][0m               Core 16 end compute primitive Sram_lifecycle.                                                                  | [36m2992 ns[0m
[INFO][0m[92m[PRIM][0m               Core 16 start compute primitive Sram_lifecycle.                                                                | [36m2998 ns[0m
[INFO][0m[92m[PRIM][0m               Core 16 end compute primitive Sram_lifecycle.                                                                  | [36m2998 ns[0m
[INFO][0m[92m[PRIM][0m               Core 16 start compute primitive Sram_lifecycle.                                                                | [36m3004 ns[0m
[INFO][0m[92m[PRIM][0m               Core 16 end compute primitive Sram_lifecycle.                                                                  | [36m3004 ns[0m
[INFO][0m[92m[PRIM][0m               Core 0 start compute primitive Sram_lifecycle.                                                                 | [36m3040 ns[0m
[INFO][0m[92m[PRIM][0m               Core 0 end compute primitive Sram_lifecycle.                                                                   | [36m3040 ns[0m
[INFO][0m[92m[PRIM][0m               Core 0 start compute primitive Collective_data_v1_prim.                                                        | [36m3046 ns[0m
[INFO][0m[92m[PRIM][0m               Core 0 end compute primitive Collective_data_v1_prim.                                                          | [36m3080 ns[0m
[INFO][0m[92m[PRIM][0m               Core 0 start compute primitive Sram_lifecycle.                                                                 | [36m3086 ns[0m
[INFO][0m[92m[PRIM][0m               Core 0 end compute primitive Sram_lifecycle.                                                                   | [36m3086 ns[0m
[INFO][0m[92m[PRIM][0m               Core 0 start compute primitive Sram_lifecycle.                                                                 | [36m3092 ns[0m
[INFO][0m[92m[PRIM][0m               Core 0 end compute primitive Sram_lifecycle.                                                                   | [36m3092 ns[0m
[INFO][0m[92m[PRIM][0m               Core 0 start compute primitive Sram_lifecycle.                                                                 | [36m3098 ns[0m
[INFO][0m[92m[PRIM][0m               Core 0 end compute primitive Sram_lifecycle.                                                                   | [36m3098 ns[0m
[INFO][0m[92m[PRIM][0m               Core 0 start compute primitive Sram_lifecycle.                                                                 | [36m3104 ns[0m
[INFO][0m[92m[PRIM][0m               Core 0 end compute primitive Sram_lifecycle.                                                                   | [36m3104 ns[0m
[INFO][0m[92m[PRIM][0m               Core 0 start compute primitive Sram_lifecycle.                                                                 | [36m3110 ns[0m
[INFO][0m[92m[PRIM][0m               Core 0 end compute primitive Sram_lifecycle.                                                                   | [36m3110 ns[0m
[INFO][0m[92m[PRIM][0m               Core 0 start compute primitive Sram_bind_oneshot.                                                              | [36m3116 ns[0m
[INFO][0m[92m[PRIM][0m               Core 0 end compute primitive Sram_bind_oneshot.                                                                | [36m3116 ns[0m
[INFO][0m[92m[PRIM][0m               Core 0 start compute primitive Matmul_f.                                                                       | [36m3122 ns[0m
[INFO][0m[92m[PRIM][0m               Core 0 end compute primitive Matmul_f.                                                                         | [36m3122 ns[0m
[INFO][0m[92m[PRIM][0m               Core 0 start compute primitive Sram_lifecycle.                                                                 | [36m3128 ns[0m
[INFO][0m[92m[PRIM][0m               Core 0 end compute primitive Sram_lifecycle.                                                                   | [36m3128 ns[0m
[INFO][0m[92m[PRIM][0m               Core 0 start compute primitive Sram_lifecycle.                                                                 | [36m3134 ns[0m
[INFO][0m[92m[PRIM][0m               Core 0 end compute primitive Sram_lifecycle.                                                                   | [36m3134 ns[0m
[INFO][0m[92m[PRIM][0m               Core 0 start compute primitive Sram_lifecycle.                                                                 | [36m3272 ns[0m
[INFO][0m[92m[PRIM][0m               Core 0 end compute primitive Sram_lifecycle.                                                                   | [36m3272 ns[0m
[INFO][0m[92m[PRIM][0m               Core 0 start compute primitive Sram_lifecycle.                                                                 | [36m3278 ns[0m
[INFO][0m[92m[PRIM][0m               Core 0 end compute primitive Sram_lifecycle.                                                                   | [36m3278 ns[0m
[INFO][0m[92m[PRIM][0m               Core 0 start compute primitive Sram_bind_oneshot.                                                              | [36m3284 ns[0m
[INFO][0m[92m[PRIM][0m               Core 0 end compute primitive Sram_bind_oneshot.                                                                | [36m3284 ns[0m
[INFO][0m[92m[PRIM][0m               Core 0 start compute primitive Residual_f.                                                                     | [36m3290 ns[0m
[INFO][0m[92m[PRIM][0m               Core 0 end compute primitive Residual_f.                                                                       | [36m3290 ns[0m
[INFO][0m[92m[PRIM][0m               Core 0 start compute primitive Sram_lifecycle.                                                                 | [36m3296 ns[0m
[INFO][0m[92m[PRIM][0m               Core 0 end compute primitive Sram_lifecycle.                                                                   | [36m3296 ns[0m
[INFO][0m[92m[PRIM][0m               Core 0 start compute primitive Sram_lifecycle.                                                                 | [36m3302 ns[0m
[INFO][0m[92m[PRIM][0m               Core 0 end compute primitive Sram_lifecycle.                                                                   | [36m3302 ns[0m
[INFO][0m[92m[PRIM][0m               Core 0 start compute primitive Sram_lifecycle.                                                                 | [36m3308 ns[0m
[INFO][0m[92m[PRIM][0m               Core 0 end compute primitive Sram_lifecycle.                                                                   | [36m3308 ns[0m
[INFO][0m[92m[PRIM][0m               Core 16 start compute primitive Sram_lifecycle.                                                                | [36m3356 ns[0m
[INFO][0m[92m[PRIM][0m               Core 16 end compute primitive Sram_lifecycle.                                                                  | [36m3356 ns[0m
[INFO][0m[92m[PRIM][0m               Core 16 start compute primitive Collective_data_v1_prim.                                                       | [36m3362 ns[0m
[INFO][0m[92m[PRIM][0m               Core 0 start send primitive SEND_DONE.                                                                         | [36m3396 ns[0m
[INFO][0m[92m[PRIM][0m               Core 16 end compute primitive Collective_data_v1_prim.                                                         | [36m3396 ns[0m
[INFO][0m[92m[PRIM][0m               Core 0 end send primitive SEND_DONE.                                                                           | [36m3400 ns[0m
[INFO][0m[92m[PRIM][0m               Core 16 start compute primitive Sram_lifecycle.                                                                | [36m3402 ns[0m
[INFO][0m[92m[PRIM][0m               Core 16 end compute primitive Sram_lifecycle.                                                                  | [36m3402 ns[0m
[INFO][0m[92m[MEM_INTF][0m           End DONE reception.                                                                                            | [36m3402 ns[0m
[INFO][0m[92m[PRIM][0m               Core 0 start receive primitive RECV_START.                                                                     | [36m3406 ns[0m
[INFO][0m[92m[PRIM][0m               Core 16 start compute primitive Sram_lifecycle.                                                                | [36m3408 ns[0m
[INFO][0m[92m[PRIM][0m               Core 16 end compute primitive Sram_lifecycle.                                                                  | [36m3408 ns[0m
[INFO][0m[92m[PRIM][0m               Core 16 start compute primitive Sram_lifecycle.                                                                | [36m3414 ns[0m
[INFO][0m[92m[PRIM][0m               Core 16 end compute primitive Sram_lifecycle.                                                                  | [36m3414 ns[0m
[INFO][0m[92m[PRIM][0m               Core 16 start compute primitive Sram_bind_oneshot.                                                             | [36m3420 ns[0m
[INFO][0m[92m[PRIM][0m               Core 16 end compute primitive Sram_bind_oneshot.                                                               | [36m3420 ns[0m
[INFO][0m[92m[PRIM][0m               Core 16 start compute primitive Residual_f.                                                                    | [36m3426 ns[0m
[INFO][0m[92m[PRIM][0m               Core 16 end compute primitive Residual_f.                                                                      | [36m3426 ns[0m
[INFO][0m[92m[PRIM][0m               Core 16 start compute primitive Sram_lifecycle.                                                                | [36m3432 ns[0m
[INFO][0m[92m[PRIM][0m               Core 16 end compute primitive Sram_lifecycle.                                                                  | [36m3432 ns[0m
[INFO][0m[92m[PRIM][0m               Core 16 start compute primitive Sram_lifecycle.                                                                | [36m3438 ns[0m
[INFO][0m[92m[PRIM][0m               Core 16 end compute primitive Sram_lifecycle.                                                                  | [36m3438 ns[0m
[INFO][0m[92m[PRIM][0m               Core 16 start compute primitive Sram_lifecycle.                                                                | [36m3444 ns[0m
[INFO][0m[92m[PRIM][0m               Core 16 end compute primitive Sram_lifecycle.                                                                  | [36m3444 ns[0m
[INFO][0m[92m[PRIM][0m               Core 16 start send primitive SEND_DONE.                                                                        | [36m3450 ns[0m
[INFO][0m[92m[PRIM][0m               Core 16 end send primitive SEND_DONE.                                                                          | [36m3454 ns[0m
[INFO][0m[92m[MEM_INTF][0m           End DONE reception.                                                                                            | [36m3456 ns[0m

Info: /OSCI/SystemC: Simulation stopped by user.
[SIM_RESULT] makespan_cycles=1728
[PROGRAM_IO_PROBE] id=program_output_probe_832a577d0e51276e core=0 address=22400 bytes=128 expected_checksum=38723a2e5e8a17aa7950dc008209944e898f69a7bd10a23c839d341e935fd5ca checksum=38723a2e5e8a17aa7950dc008209944e898f69a7bd10a23c839d341e935fd5ca valid=1 exact=1 pass=1
[PROGRAM_IO_PROBE] id=program_output_probe_dda43a5d6d8ddd19 core=16 address=22400 bytes=128 expected_checksum=38723a2e5e8a17aa7950dc008209944e898f69a7bd10a23c839d341e935fd5ca checksum=38723a2e5e8a17aa7950dc008209944e898f69a7bd10a23c839d341e935fd5ca valid=1 exact=1 pass=1
[PROGRAM_IO] phase=verify mode=timing initializations=58 probes=2 checksum=be7e093a042b1c337a82f7b07e51d1c901edcddbd7230952da4328e65b8ba867 pass=1
[INFO][0m[92m[SYSTEM][0m             [D2D] in_pkts=92 out_pkts=92 busy_cycles=0 stall_cycles=0.                                                     | [36m3456 ns[0m
[INFO][0m[92m[SYSTEM][0m             [D2D_TYPE] request_in=8 request_out=8 ack_in=16 ack_out=16 data_in=64 data_out=64.                             | [36m3456 ns[0m
[INFO][0m[92m[SYSTEM][0m             [D2D_DATA] in_pkts=64 out_pkts=64 in_seqhash=10729364002819820675 out_seqhash=10729364002819820675 in_csum=13253774582840124099 out_csum=13253774582840124099 out_inorder=0 out_minseq=1 out_maxseq=8 out_endseq=8 out_end_count=8 out_end_length=128 in_first_cycle=584 in_last_cycle=1652 out_first_cycle=587 out_last_cycle=1655. | [36m3456 ns[0m
[INFO][0m[92m[SYSTEM][0m             [V5_SUBFLOW] idx=0 source=0 tag=1 subflow=0 in=8 out=8 in_seqhash=705965812107161251 out_seqhash=705965812107161251 in_csum=9470131109627962866 out_csum=9470131109627962866 inorder=1 minseq=1 maxseq=8 endseq=8 ends=1 end_length=128. | [36m3456 ns[0m
[INFO][0m[92m[SYSTEM][0m             [V5_SUBFLOW] idx=0 source=0 tag=2 subflow=0 in=8 out=8 in_seqhash=705965812107161251 out_seqhash=705965812107161251 in_csum=11772877894097839602 out_csum=11772877894097839602 inorder=1 minseq=1 maxseq=8 endseq=8 ends=1 end_length=128. | [36m3456 ns[0m
[INFO][0m[92m[SYSTEM][0m             [V5_SUBFLOW] idx=0 source=0 tag=3 subflow=0 in=8 out=8 in_seqhash=705965812107161251 out_seqhash=705965812107161251 in_csum=17872581376906110450 out_csum=17872581376906110450 inorder=1 minseq=1 maxseq=8 endseq=8 ends=1 end_length=128. | [36m3456 ns[0m
[INFO][0m[92m[SYSTEM][0m             [V5_SUBFLOW] idx=0 source=0 tag=4 subflow=0 in=8 out=8 in_seqhash=705965812107161251 out_seqhash=705965812107161251 in_csum=11567260423610705394 out_csum=11567260423610705394 inorder=1 minseq=1 maxseq=8 endseq=8 ends=1 end_length=128. | [36m3456 ns[0m
[INFO][0m[92m[SYSTEM][0m             [V5_SUBFLOW] idx=1 source=16 tag=1 subflow=0 in=8 out=8 in_seqhash=705965812107161251 out_seqhash=705965812107161251 in_csum=15435989962506001502 out_csum=15435989962506001502 inorder=1 minseq=1 maxseq=8 endseq=8 ends=1 end_length=128. | [36m3456 ns[0m
[INFO][0m[92m[SYSTEM][0m             [V5_SUBFLOW] idx=1 source=16 tag=2 subflow=0 in=8 out=8 in_seqhash=705965812107161251 out_seqhash=705965812107161251 in_csum=1205318827457010782 out_csum=1205318827457010782 inorder=1 minseq=1 maxseq=8 endseq=8 ends=1 end_length=128. | [36m3456 ns[0m
[INFO][0m[92m[SYSTEM][0m             [V5_SUBFLOW] idx=1 source=16 tag=3 subflow=0 in=8 out=8 in_seqhash=705965812107161251 out_seqhash=705965812107161251 in_csum=16852512782802377822 out_csum=16852512782802377822 inorder=1 minseq=1 maxseq=8 endseq=8 ends=1 end_length=128. | [36m3456 ns[0m
[INFO][0m[92m[SYSTEM][0m             [V5_SUBFLOW] idx=1 source=16 tag=4 subflow=0 in=8 out=8 in_seqhash=705965812107161251 out_seqhash=705965812107161251 in_csum=9917954519070301278 out_csum=9917954519070301278 inorder=1 minseq=1 maxseq=8 endseq=8 ends=1 end_length=128. | [36m3456 ns[0m
[INFO][0m[92m[SYSTEM][0m             [D2D_REPIN] total=92 changed=92 same=0.                                                                        | [36m3456 ns[0m
[INFO][0m[92m[SYSTEM][0m             [D2D_LINK] idx=0 die0->die1 dir=E req_in=4 req_out=4 ack_in=8 ack_out=8 data_in=32 data_out=32.                | [36m3456 ns[0m
[INFO][0m[92m[SYSTEM][0m             [D2D_LINK] idx=1 die1->die0 dir=W req_in=4 req_out=4 ack_in=8 ack_out=8 data_in=32 data_out=32.                | [36m3456 ns[0m
[INFO][0m[92m[SYSTEM][0m             [SAF] reserved_packets=0 group_reserved_packets=0.                                                             | [36m3456 ns[0m
[INFO][0m[92m[SYSTEM][0m             [DIE_ACT] router_pkts=555,279 mesh_pkts=460,184.                                                               | [36m3456 ns[0m
[INFO][0m[92m[SYSTEM][0m             [NOC_ACT] sends=320,128 stalls=0,0 d2d_source_stalls=0.                                                        | [36m3456 ns[0m
[INFO][0m[92m[SYSTEM][0m             [FLOW_DONE] .                                                                                                  | [36m3456 ns[0m
[INFO][0m[92m[SYSTEM][0m             [SAF_ADMIT] success=0 reject=0.                                                                                | [36m3456 ns[0m
[INFO][0m[92m[SYSTEM][0m             [P5 P2P STATS] core=0 source_read_bytes=512 sram_source_read_bytes=512 hbm_source_read_bytes=0 wire_bytes=512 wire_fragments=32 noc_rx_write_bytes=512 tx_local_completions=4 rx_local_completions=4 admission_requests_sent=4 admission_requests_received=4 admission_acks_sent=4 admission_acks_received=4 duplicate_requests_suppressed=0 request_conflicts_rejected=0 request_aborts=0 completion_acks_sent=4 completion_acks_received=4 source_checksum=136799451 wire_checksum=136799451 destination_checksum=136799451. | [36m3456 ns[0m
[INFO][0m[92m[SYSTEM][0m             [P5 P2P DRAIN] core=0 residual=0.                                                                              | [36m3456 ns[0m
[INFO][0m[92m[SYSTEM][0m             [P5 P2P STATS] core=16 source_read_bytes=512 sram_source_read_bytes=512 hbm_source_read_bytes=0 wire_bytes=512 wire_fragments=32 noc_rx_write_bytes=512 tx_local_completions=4 rx_local_completions=4 admission_requests_sent=4 admission_requests_received=4 admission_acks_sent=4 admission_acks_received=4 duplicate_requests_suppressed=0 request_conflicts_rejected=0 request_aborts=0 completion_acks_sent=4 completion_acks_received=4 source_checksum=136799451 wire_checksum=136799451 destination_checksum=136799451. | [36m3456 ns[0m
[INFO][0m[92m[SYSTEM][0m             [P5 P2P DRAIN] core=16 residual=0.                                                                             | [36m3456 ns[0m
[INFO][0m[92m[SYSTEM][0m             [P5 P2P TIMING DRAIN] residual=0.                                                                              | [36m3456 ns[0m
[INFO][0m[92m[SYSTEM][0m             [COLL_DRAIN] tree_entries=0 reduce_nodes=0 barriers=0 gather=0 reduce_rx=0 endpoints=0 dte_tokens=0 event=0.   | [36m3456 ns[0m
[INFO][0m[92m[SYSTEM][0m             [DRAIN] router_residual=0.                                                                                     | [36m3456 ns[0m
[INFO][0m[92m[SYSTEM][0m             [CREDIT] data_balanced=1 ctrl_balanced=1.                                                                      | [36m3456 ns[0m
[INFO][0m[92m[SYSTEM][0m             [DRAIN] d2d_link_residual=0.                                                                                   | [36m3456 ns[0m
[INFO][0m[92m[SYSTEM][0m             [START_DATA] enqueued=2 injected=2 accepted=2 delivered=2 consumed=2 completed=2.                              | [36m3456 ns[0m
[INFO][0m[92m[SYSTEM][0m             [LOCK] max_output_ref=1.                                                                                       | [36m3456 ns[0m
[INFO][0m[92m[SYSTEM][0m             [HOSTLANE] done_total=2 ack_total=4 mismatch=0 per_lane_done=1,0,0,0,1,0,0,0.                                  | [36m3456 ns[0m
[INFO][0m[92m[SYSTEM][0m             [HOSTSIG] done=0:1,16:1, ack=0:0:2,16:0:1,16:16:1,.                                                            | [36m3456 ns[0m
[INFO][0m[92m[SYSTEM][0m             Total Real-time Cost: 0.123159s.                                                                               | [36m3456 ns[0m
[INFO][0m[92m[SYSTEM][0m             Cleanup monitor components.                                                                                    | [36m3456 ns[0m
[INFO][0m[92m[SYSTEM][0m             Cleanup memory interface components.                                                                           | [36m3456 ns[0m
